11:50:38 **** Incremental Build of configuration Debug for project Bootloader_F3 ****
make -j16 all 
arm-none-eabi-size  Bootloader_F3.elf 
   text	   data	    bss	    dec	    hex	filename
  16664	    104	   2040	  18808	   4978	Bootloader_F3.elf
Finished building: default.size.stdout
 
11:50:44 **** Incremental Build of configuration Debug for project Bootloader_F3 ****
make -j16 all 
arm-none-eabi-size  Bootloader_F3.elf 
   text	   data	    bss	    dec	    hex	filename
  16664	    104	   2040	  18808	   4978	Bootloader_F3.elf
Finished building: default.size.stdout
 
13:24:02 **** Incremental Build of configuration Debug for project Application_F3 ****
make -j16 all 
arm-none-eabi-gcc "../Core/Src/main.c" -mcpu=cortex-m4 -std=gnu11 -g3 -DDEBUG -DUSE_HAL_DRIVER -DSTM32F303xC -c -I../Core/Inc -I../Drivers/STM32F3xx_HAL_Driver/Inc/Legacy -I../Drivers/STM32F3xx_HAL_Driver/Inc -I../Drivers/CMSIS/Device/ST/STM32F3xx/Include -I../Drivers/CMSIS/Include -O0 -ffunction-sections -fdata-sections -Wall -fstack-usage -fcyclomatic-complexity -MMD -MP -MF"Core/Src/main.d" -MT"Core/Src/main.o" --specs=nano.specs -mfpu=fpv4-sp-d16 -mfloat-abi=hard -mthumb -o "Core/Src/main.o"
arm-none-eabi-gcc -o "Application_F3.elf" @"objects.list"   -mcpu=cortex-m4 -T"C:\Users\kumkumita.sahu\STM32CubeIDE\workspace_1.16.0\Application_F3\STM32F303VCTX_FLASH.ld" --specs=nosys.specs -Wl,-Map="Application_F3.map" -Wl,--gc-sections -static --specs=nano.specs -mfpu=fpv4-sp-d16 -mfloat-abi=hard -mthumb -Wl,--start-group -lc -lm -Wl,--end-group
Finished building target: Application_F3.elf
 
arm-none-eabi-size  Application_F3.elf 
arm-none-eabi-objdump -h -S Application_F3.elf  > "Application_F3.list"
   text	   data	    bss	    dec	    hex	filename
  16012	    104	   2040	  18156	   46ec	Application_F3.elf
Finished building: default.size.stdout
 
Finished building: Application_F3.list
 
13:24:50 **** Incremental Build of configuration Debug for project Application_F3 ****
make -j16 all 
arm-none-eabi-gcc "../Core/Src/main.c" -mcpu=cortex-m4 -std=gnu11 -g3 -DDEBUG -DUSE_HAL_DRIVER -DSTM32F303xC -c -I../Core/Inc -I../Drivers/STM32F3xx_HAL_Driver/Inc/Legacy -I../Drivers/STM32F3xx_HAL_Driver/Inc -I../Drivers/CMSIS/Device/ST/STM32F3xx/Include -I../Drivers/CMSIS/Include -O0 -ffunction-sections -fdata-sections -Wall -fstack-usage -fcyclomatic-complexity -MMD -MP -MF"Core/Src/main.d" -MT"Core/Src/main.o" --specs=nano.specs -mfpu=fpv4-sp-d16 -mfloat-abi=hard -mthumb -o "Core/Src/main.o"
arm-none-eabi-gcc -o "Application_F3.elf" @"objects.list"   -mcpu=cortex-m4 -T"C:\Users\kumkumita.sahu\STM32CubeIDE\workspace_1.16.0\Application_F3\STM32F303VCTX_FLASH.ld" --specs=nosys.specs -Wl,-Map="Application_F3.map" -Wl,--gc-sections -static --specs=nano.specs -mfpu=fpv4-sp-d16 -mfloat-abi=hard -mthumb -Wl,--start-group -lc -lm -Wl,--end-group
Finished building target: Application_F3.elf
 
arm-none-eabi-size  Application_F3.elf 
arm-none-eabi-objdump -h -S Application_F3.elf  > "Application_F3.list"
   text	   data	    bss	    dec	    hex	filename
  16008	    104	   2040	  18152	   46e8	Application_F3.elf
Finished building: default.size.stdout
 
Finished building: Application_F3.list
 
